[project-redspace.com/index.html]
[project-redspace.com/css/main.css]
[project-redspace.com/images/favicons/apple-touch-icon.png]
[project-redspace.com/images/favicons/favicon-32x32.png]
[project-redspace.com/images/favicons/favicon-16x16.png]
[project-redspace.com/images/favicons/manifest.json]
[backblue.gif]
[fade.gif]
[index.html]
[project-redspace.com/images/favicons/safari-pinned-tab.svg]
[project-redspace.com/images/loading-car.png]
[project-redspace.com/js/index.js]
[project-redspace.com/images/icon-close.svg]
[project-redspace.com/images/icon-play.svg]
[project-redspace.com/images/main-video-poster.jpg]
[project-redspace.com/videos/video-main-large.webm]
[project-redspace.com/videos/video-main-large.mp4]
[project-redspace.com/images/icon-pause.svg]
[project-redspace.com/images/icon-mute.svg]
[project-redspace.com/images/icon-unmute.svg]
[project-redspace.com/videos/video-looping-home-bg.webm]
[project-redspace.com/videos/video-looping-home-bg.mp4]
[project-redspace.com/images/photo-subcar-poster.jpg]
[project-redspace.com/images/photo-subdesign-poster.jpg]
[project-redspace.com/images/icon-share.svg]
[project-redspace.com/images/icon-social-facebook.svg]
[project-redspace.com/images/icon-social-twitter.svg]
[project-redspace.com/images/icon-menu.svg]
[project-redspace.com/images/icon-arrow-downward.svg]
[project-redspace.com/images/shape-home-02-front.svg]
[project-redspace.com/images/shape-home-02-back.svg]
[project-redspace.com/images/shape-home-03-front.svg]
[project-redspace.com/images/shape-home-03-back.svg]
[project-redspace.com/images/photo-subjourney-cityskyline.jpg]
[project-redspace.com/images/photo-subjourney-foottraffic.jpg]
[project-redspace.com/images/shape-sub-orange.svg]
[project-redspace.com/images/shape-sub-purple.svg]
[project-redspace.com/images/photo-subjourney-citytilt.jpg]
[project-redspace.com/images/shape-sub-discoball-orange.svg]
[project-redspace.com/images/photo-subjourney-sideprofile.jpg]
[project-redspace.com/images/shape-sub-discoball-purple.svg]
[project-redspace.com/images/icon-arrow-rightward.svg]
[project-redspace.com/images/photo-subcar-infotainment.jpg]
[project-redspace.com/videos/video-dashboard-poster.2a.delayed]
[project-redspace.com/images/video-dashboard-poster.jpg]
[project-redspace.com/videos/video-dashboard.mp4]
[project-redspace.com/images/video-seatingconfig-poster.jpg]
[project-redspace.com/videos/video-seatingconfig.mp4]
[project-redspace.com/videos/video-seatingconfig.webm]
[project-redspace.com/images/photo-subcar-seating.jpg]
[project-redspace.com/images/video-solarpanels-poster.jpg]
[project-redspace.com/videos/video-solarpanels.mp4]
[project-redspace.com/videos/video-solarpanels.webm]
[project-redspace.com/images/photo-subcar-solar.jpg]
[project-redspace.com/images/video-raincover-poster.jpg]
[project-redspace.com/videos/video-raincover.mp4]
[project-redspace.com/videos/video-raincover.webm]
[project-redspace.com/images/photo-subcar-doorslide.jpg]
[project-redspace.com/images/video-charging-poster.jpg]
[project-redspace.com/videos/video-charging.mp4]
[project-redspace.com/videos/video-charging.webm]
[project-redspace.com/images/icon-subcar-parkassist.svg]
[project-redspace.com/images/icon-subcar-cordlesscharge.svg]
[project-redspace.com/images/icon-subcar-electricvehicle.svg]
[project-redspace.com/images/icon-subcar-customizability.svg]
[project-redspace.com/images/icon-subcar-range.svg]
[project-redspace.com/images/icon-subcar-speed.svg]
[project-redspace.com/images/icon-subcar-autobrake.svg]
[project-redspace.com/images/icon-subcar-flexseating.svg]
[project-redspace.com/images/photo-subdesign-illustratedsideview.jpg]
[project-redspace.com/images/shape-subdesign-holisticback.svg]
[project-redspace.com/images/shape-subdesign-holisticfront.svg]
[project-redspace.com/images/photo-subdesign-whiteboard.jpg]
[project-redspace.com/images/video-9010-poster.jpg]
[project-redspace.com/videos/video-9010.mp4]
[project-redspace.com/videos/video-9010.webm]
[project-redspace.com/images/photo-subdesign-illustratedseating.jpg]
[project-redspace.com/images/video-socialmedia-poster.jpg]
[project-redspace.com/videos/video-socialmedia.mp4]
[project-redspace.com/videos/video-socialmedia.webm]
[project-redspace.com/index.html]
[project-redspace.com/css/main.css]
[project-redspace.com/images/favicons/safari-pinned-tab.svg]
[project-redspace.com/images/icon-close.svg]
[project-redspace.com/images/icon-play.svg]
[project-redspace.com/images/icon-pause.svg]
[project-redspace.com/images/icon-mute.svg]
[project-redspace.com/images/icon-unmute.svg]
[project-redspace.com/images/icon-share.svg]
[project-redspace.com/images/icon-social-facebook.svg]
[project-redspace.com/images/icon-social-twitter.svg]
[project-redspace.com/images/icon-menu.svg]
[project-redspace.com/images/icon-arrow-downward.svg]
[project-redspace.com/images/shape-home-02-front.svg]
[project-redspace.com/images/shape-home-02-back.svg]
[project-redspace.com/images/shape-home-03-front.svg]
[project-redspace.com/images/shape-home-03-back.svg]
[project-redspace.com/images/shape-sub-orange.svg]
[project-redspace.com/images/shape-sub-purple.svg]
[project-redspace.com/images/shape-sub-discoball-orange.svg]
[project-redspace.com/images/shape-sub-discoball-purple.svg]
[project-redspace.com/images/icon-arrow-rightward.svg]
[project-redspace.com/videos/video-dashboard-poster.html]
[project-redspace.com/images/icon-subcar-parkassist.svg]
[project-redspace.com/images/icon-subcar-cordlesscharge.svg]
[project-redspace.com/images/icon-subcar-electricvehicle.svg]
[project-redspace.com/images/icon-subcar-customizability.svg]
[project-redspace.com/images/icon-subcar-range.svg]
[project-redspace.com/images/icon-subcar-speed.svg]
[project-redspace.com/images/icon-subcar-autobrake.svg]
[project-redspace.com/images/icon-subcar-flexseating.svg]
[project-redspace.com/images/shape-subdesign-holisticback.svg]
[project-redspace.com/images/shape-subdesign-holisticfront.svg]
[project-redspace.com/images/photo-subdesign-chrisbangle.jpg]
[project-redspace.com/images/reds-logo.png]
[project-redspace.com/images/icon-social-instagram.svg]
[project-redspace.com/zh-Hans]
[project-redspace.com/fonts/geometria-regular-webfont.woff]
[project-redspace.com/fonts/inconsolata-regular.ttf]
[project-redspace.com/fonts/geometria-regular-webfont.woff2]
[project-redspace.com/fonts/geometria-bold-webfont.woff]
[project-redspace.com/fonts/geometria-bold-webfont.woff2]
[project-redspace.com/videos/video-main-large.webm]
[project-redspace.com/videos/video-main-large.mp4]
[project-redspace.com/fonts/geometria-extablack-webfont.woff]
[project-redspace.com/videos/video-looping-home-bg.webm]
[project-redspace.com/fonts/geometria-extablack-webfont.woff2]
[project-redspace.com/videos/video-looping-home-bg.mp4]
[project-redspace.com/images/shape-home-01-front.svg]
[project-redspace.com/images/shape-home-01-back.svg]
[project-redspace.com/videos/video-9010.mp4]
[project-redspace.com/videos/video-9010.webm]
[project-redspace.com/videos/video-socialmedia.mp4]
[project-redspace.com/videos/video-socialmedia.webm]
[project-redspace.com/images/video-designprocess-poster.jpg]
[project-redspace.com/videos/video-designprocess.mp4]
[project-redspace.com/videos/video-designprocess.webm]
[project-redspace.com/images/logo-chtcmotors.svg]
[project-redspace.com/images/photo-subdesign-chtcmotors.jpg]
[project-redspace.com/images/logo-chrisbangleassoc.png]
[project-redspace.com/zh-Hans]
[project-redspace.com/images/icon-social-instagram.svg]
[connect.facebook.net/en_US/fbevents.js]
[project-redspace.com/images/shape-home-01-front.svg]
[project-redspace.com/images/shape-home-01-back.svg]
[project-redspace.com/images/logo-chtcmotors.svg]
